Collecting rasterio
  Downloading rasterio-1.5.1-cp313-cp313-macosx_14_0_arm64.whl.metadata (8.6 kB)
Collecting geopandas
  Downloading geopandas-1.1.4-py3-none-any.whl.metadata (2.3 kB)
Collecting pyproj
  Downloading pyproj-3.8.0-cp313-cp313-macosx_14_0_arm64.whl.metadata (40 kB)
Collecting rtree
  Downloading rtree-1.4.1-py3-none-macosx_11_0_arm64.whl.metadata (2.1 kB)
Collecting elapid
  Downloading elapid-1.0.4-py3-none-any.whl.metadata (7.6 kB)
Collecting affine (from rasterio)
  Downloading affine-3.0.1-py3-none-any.whl.metadata (4.5 kB)
Collecting attrs (from rasterio)
  Using cached attrs-26.1.0-py3-none-any.whl.metadata (8.8 kB)
Collecting certifi (from rasterio)
  Using cached certifi-2026.7.22-py3-none-any.whl.metadata (2.5 kB)
Collecting click!=8.2.*,>=4.0 (from rasterio)
  Using cached click-8.5.0-py3-none-any.whl.metadata (2.6 kB)
Collecting numpy>=2 (from rasterio)
  Using cached numpy-2.5.3-cp313-cp313-macosx_14_0_arm64.whl.metadata (6.6 kB)
Collecting pyparsing>=3.0 (from rasterio)
  Using cached pyparsing-3.3.2-py3-none-any.whl.metadata (5.8 kB)
Collecting pyogrio>=0.7.2 (from geopandas)
  Downloading pyogrio-0.13.0-cp311-abi3-macosx_12_0_arm64.whl.metadata (5.8 kB)
Collecting packaging (from geopandas)
  Using cached packaging-26.3-py3-none-any.whl.metadata (3.5 kB)
Collecting pandas>=2.0.0 (from geopandas)
  Downloading pandas-3.0.6-cp313-cp313-macosx_11_0_arm64.whl.metadata (79 kB)
Collecting shapely>=2.0.0 (from geopandas)
  Downloading shapely-2.1.2-cp313-cp313-macosx_11_0_arm64.whl.metadata (6.8 kB)
Collecting matplotlib>=3.10 (from elapid)
  Using cached matplotlib-3.11.2-cp313-cp313-macosx_11_0_arm64.whl.metadata (80 kB)
Collecting scikit-learn>=1.8 (from elapid)
  Using cached scikit_learn-1.9.1-cp313-cp313-macosx_12_0_arm64.whl.metadata (9.3 kB)
Collecting scipy>=1.13 (from elapid)
  Using cached scipy-1.18.1-cp313-cp313-macosx_14_0_arm64.whl.metadata (62 kB)
Collecting tqdm>=4.60 (from elapid)
  Downloading tqdm-4.70.1-py3-none-any.whl.metadata (57 kB)
Collecting contourpy>=1.0.1 (from matplotlib>=3.10->elapid)
  Using cached contourpy-1.4.0-cp313-cp313-macosx_11_0_arm64.whl.metadata (3.8 kB)
Collecting cycler>=0.10 (from matplotlib>=3.10->elapid)
  Using cached cycler-0.12.1-py3-none-any.whl.metadata (3.8 kB)
Collecting fonttools>=4.28.2 (from matplotlib>=3.10->elapid)
  Using cached fonttools-4.65.0-cp313-cp313-macosx_10_13_universal2.whl.metadata (125 kB)
Collecting kiwisolver>=1.3.1 (from matplotlib>=3.10->elapid)
  Using cached kiwisolver-1.5.1-cp313-cp313-macosx_11_0_arm64.whl.metadata (5.2 kB)
Collecting pillow>=9 (from matplotlib>=3.10->elapid)
  Using cached pillow-12.3.0-cp313-cp313-macosx_11_0_arm64.whl.metadata (9.1 kB)
Collecting python-dateutil>=2.7 (from matplotlib>=3.10->elapid)
  Using cached python_dateutil-2.9.0.post0-py2.py3-none-any.whl.metadata (8.4 kB)
Collecting six>=1.5 (from python-dateutil>=2.7->matplotlib>=3.10->elapid)
  Using cached six-1.17.0-py2.py3-none-any.whl.metadata (1.7 kB)
Collecting joblib>=1.4.0 (from scikit-learn>=1.8->elapid)
  Using cached joblib-1.6.0-py3-none-any.whl.metadata (6.5 kB)
Collecting narwhals>=2.0.1 (from scikit-learn>=1.8->elapid)
  Using cached narwhals-2.26.0-py3-none-any.whl.metadata (15 kB)
Collecting threadpoolctl>=3.5.0 (from scikit-learn>=1.8->elapid)
  Downloading threadpoolctl-3.7.0-py3-none-any.whl.metadata (24 kB)
Collecting cloudpickle>=3.0 (from joblib>=1.4.0->scikit-learn>=1.8->elapid)
  Using cached cloudpickle-3.1.2-py3-none-any.whl.metadata (7.1 kB)
Downloading rasterio-1.5.1-cp313-cp313-macosx_14_0_arm64.whl (23.2 MB)
   ━━━━━━━━━━━━━━━━━━━━━━━━━━━━━━━━━━━━━━━━ 23.2/23.2 MB 700.2 kB/s  0:00:32
Downloading geopandas-1.1.4-py3-none-any.whl (343 kB)
Downloading pyproj-3.8.0-cp313-cp313-macosx_14_0_arm64.whl (5.0 MB)
   ━━━━━━━━━━━━━━━━━━━━━━━━━━━━━━━━━━━━━━━━ 5.0/5.0 MB 788.5 kB/s  0:00:06
Downloading rtree-1.4.1-py3-none-macosx_11_0_arm64.whl (436 kB)
Downloading elapid-1.0.4-py3-none-any.whl (437 kB)
Using cached click-8.5.0-py3-none-any.whl (125 kB)
Using cached matplotlib-3.11.2-cp313-cp313-macosx_11_0_arm64.whl (9.3 MB)
Using cached contourpy-1.4.0-cp313-cp313-macosx_11_0_arm64.whl (285 kB)
Using cached cycler-0.12.1-py3-none-any.whl (8.3 kB)
Using cached fonttools-4.65.0-cp313-cp313-macosx_10_13_universal2.whl (3.1 MB)
Using cached kiwisolver-1.5.1-cp313-cp313-macosx_11_0_arm64.whl (64 kB)
Using cached numpy-2.5.3-cp313-cp313-macosx_14_0_arm64.whl (5.4 MB)
Using cached packaging-26.3-py3-none-any.whl (129 kB)
Downloading pandas-3.0.6-cp313-cp313-macosx_11_0_arm64.whl (10.1 MB)
   ━━━━━━━━━━━━━━━━━━━━━━━━━━━━━━━━━━━━━━━━ 10.1/10.1 MB 675.1 kB/s  0:00:14
Using cached pillow-12.3.0-cp313-cp313-macosx_11_0_arm64.whl (4.8 MB)
Downloading pyogrio-0.13.0-cp311-abi3-macosx_12_0_arm64.whl (24.7 MB)
   ━━━━━━━━━━━━━━━━━━━━━━━━━━━━━━━━━━━━━━━━ 24.7/24.7 MB 725.9 kB/s  0:00:33
Using cached pyparsing-3.3.2-py3-none-any.whl (122 kB)
Using cached python_dateutil-2.9.0.post0-py2.py3-none-any.whl (229 kB)
Using cached scikit_learn-1.9.1-cp313-cp313-macosx_12_0_arm64.whl (8.3 MB)
Using cached joblib-1.6.0-py3-none-any.whl (306 kB)
Using cached cloudpickle-3.1.2-py3-none-any.whl (22 kB)
Using cached narwhals-2.26.0-py3-none-any.whl (474 kB)
Using cached scipy-1.18.1-cp313-cp313-macosx_14_0_arm64.whl (20.5 MB)
Downloading shapely-2.1.2-cp313-cp313-macosx_11_0_arm64.whl (1.6 MB)
   ━━━━━━━━━━━━━━━━━━━━━━━━━━━━━━━━━━━━━━━━ 1.6/1.6 MB 772.4 kB/s  0:00:02
Using cached six-1.17.0-py2.py3-none-any.whl (11 kB)
Downloading threadpoolctl-3.7.0-py3-none-any.whl (26 kB)
Downloading tqdm-4.70.1-py3-none-any.whl (80 kB)
Downloading affine-3.0.1-py3-none-any.whl (10 kB)
Using cached attrs-26.1.0-py3-none-any.whl (67 kB)
Using cached certifi-2026.7.22-py3-none-any.whl (136 kB)
Installing collected packages: tqdm, threadpoolctl, six, rtree, pyparsing, pillow, packaging, numpy, narwhals, kiwisolver, fonttools, cycler, cloudpickle, click, certifi, attrs, shapely, scipy, python-dateutil, pyproj, pyogrio, joblib, contourpy, affine, scikit-learn, rasterio, pandas, matplotlib, geopandas, elapid

Successfully installed affine-3.0.1 attrs-26.1.0 certifi-2026.7.22 click-8.5.0 cloudpickle-3.1.2 contourpy-1.4.0 cycler-0.12.1 elapid-1.0.4 fonttools-4.65.0 geopandas-1.1.4 joblib-1.6.0 kiwisolver-1.5.1 matplotlib-3.11.2 narwhals-2.26.0 numpy-2.5.3 packaging-26.3 pandas-3.0.6 pillow-12.3.0 pyogrio-0.13.0 pyparsing-3.3.2 pyproj-3.8.0 python-dateutil-2.9.0.post0 rasterio-1.5.1 rtree-1.4.1 scikit-learn-1.9.1 scipy-1.18.1 shapely-2.1.2 six-1.17.0 threadpoolctl-3.7.0 tqdm-4.70.1
